// Jest Snapshot v1, https://goo.gl/fbAQLP

exports[`matches snapshot 1`] = `
<DocumentFragment>
  <div
    class="fade alert alert-info show"
    role="alert"
  />
</DocumentFragment>
`;
