// Jest Snapshot v1, https://goo.gl/fbAQLP

exports[`matches snapshot 1`] = `
<DocumentFragment>
  <div
    class="Home"
  >
    <h1>
      Latest Products
    </h1>
    <div
      class="Loader"
    >
      <span
        class="sr-only"
      >
        Loading...
      </span>
    </div>
  </div>
</DocumentFragment>
`;
