// Jest Snapshot v1, https://goo.gl/fbAQLP

exports[`matches snapshot 1`] = `
<DocumentFragment>
  <footer
    class="Footer"
  >
    <div
      class="container"
    >
      <div
        class="row"
      >
        <div
          class="text-center col"
        >
          Copyright Â© Totally Awesome Apparel
        </div>
      </div>
      <div
        class="row"
      >
        <div
          class="text-center col"
        >
          <a
            class="btn"
            href="https://github.com/SUBstylee"
            rel="noopener noreferrer"
            role="button"
            style="background-color: rgb(51, 51, 51); color: rgb(255, 255, 255);"
            target="_blank"
          >
            <i
              class="fab fa-github"
            />
          </a>
          <a
            class="btn"
            href="https://www.linkedin.com/in/jeremy-threlfall/"
            rel="noopener noreferrer"
            role="button"
            style="background-color: rgb(0, 130, 202); color: rgb(255, 255, 255);"
            target="_blank"
          >
            <i
              class="fab fa-linkedin-in"
            />
          </a>
          <a
            class="btn"
            href="https://line.me/R/ti/p/substylee"
            rel="noopener noreferrer"
            role="button"
            style="background-color: rgb(6, 199, 85); color: rgb(255, 255, 255);"
            target="_blank"
          >
            <i
              class="fab fa-line"
            />
          </a>
          <a
            class="btn"
            href="https://twitter.com/jjthrelfall"
            rel="noopener noreferrer"
            role="button"
            style="background-color: rgb(85, 172, 238); color: rgb(255, 255, 255);"
            target="_blank"
          >
            <i
              class="fab fa-twitter"
            />
          </a>
          <a
            class="btn"
            href="https://www.facebook.com/substylee"
            rel="noopener noreferrer"
            role="button"
            style="background-color: rgb(59, 89, 152); color: rgb(255, 255, 255);"
            target="_blank"
          >
            <i
              class="fab fa-facebook-f"
            />
          </a>
          <a
            class="btn"
            href="https://www.instagram.com/jjthrelfall/"
            rel="noopener noreferrer"
            role="button"
            style="background-color: rgb(172, 43, 172); color: rgb(255, 255, 255);"
            target="_blank"
          >
            <i
              class="fab fa-instagram"
            />
          </a>
        </div>
      </div>
    </div>
  </footer>
</DocumentFragment>
`;
