// Jest Snapshot v1, https://goo.gl/fbAQLP

exports[`matches snapshot 1`] = `
<DocumentFragment>
  <div
    class="Toast "
  >
    <button
      class="btn-sm btn btn-danger"
      type="button"
    >
      <i
        class="fa-solid fa-x"
      />
    </button>
    <h4>
      test title
    </h4>
    <p>
      test text
    </p>
  </div>
</DocumentFragment>
`;
